// Jest Snapshot v1, https://goo.gl/fbAQLP

exports[`App Component snapshot test 1`] = `
Array [
  <nav
    className="navbar df-nav"
  >
    <div
      className="container"
    >
      <h1>
        African Countries
      </h1>
      <div
        onClick={[Function]}
        onKeyDown={[Function]}
        role="button"
        tabIndex={0}
      >
        Change Theme
      </div>
    </div>
  </nav>,
  <section
    className="home home-df"
  >
    <div
      className="container"
    >
      <form
        onSubmit={[Function]}
      >
        <div
          className="SearchBar-container"
          onBlur={[Function]}
          onChange={[Function]}
        >
          <input
            placeholder="Search for a country"
            type="search"
          />
        </div>
      </form>
      <button
        className="scroll-up"
        onClick={[Function]}
        onKeyDown={[Function]}
        style={
          Object {
            "display": "none",
          }
        }
        type="button"
      >
        â†‘
      </button>
      <div
        className="cards-container"
      />
    </div>
  </section>,
]
`;
